[    0.000000] Booting Linux on physical CPU 0x0
[    0.000000] Initializing cgroup subsys cpuset
[    0.000000] Initializing cgroup subsys cpu
[    0.000000] Initializing cgroup subsys cpuacct
[    0.000000] Linux version 4.4.50-v7+ (dc4@dc4-XPS13-9333) (gcc version 4.9.3 (crosstool-NG crosstool-ng-1.22.0-88-g8460611) ) #970 SMP Mon Feb 20 19:18:29 GMT 2017
[    0.000000] CPU: ARMv7 Processor [410fd034] revision 4 (ARMv7), cr=10c5383d
[    0.000000] CPU: PIPT / VIPT nonaliasing data cache, VIPT aliasing instruction cache
[    0.000000] Machine model: Raspberry Pi 3 Model B Rev 1.2
[    0.000000] cma: Reserved 8 MiB at 0x3a800000
[    0.000000] Memory policy: Data cache writealloc
[    0.000000] On node 0 totalpages: 241664
[    0.000000] free_area_init_node: node 0, pgdat 808c5040, node_mem_map b9fa6000
[    0.000000]   Normal zone: 2124 pages used for memmap
[    0.000000]   Normal zone: 0 pages reserved
[    0.000000]   Normal zone: 241664 pages, LIFO batch:31
[    0.000000] [bcm2709_smp_init_cpus] enter (9520->f3003010)
[    0.000000] [bcm2709_smp_init_cpus] ncores=4
[    0.000000] PERCPU: Embedded 13 pages/cpu @b9f62000 s22592 r8192 d22464 u53248
[    0.000000] pcpu-alloc: s22592 r8192 d22464 u53248 alloc=13*4096
[    0.000000] pcpu-alloc: [0] 0 [0] 1 [0] 2 [0] 3 
[    0.000000] Built 1 zonelists in Zone order, mobility grouping on.  Total pages: 239540
[    0.000000] Kernel command line: 8250.nr_uarts=0 bcm2708_fb.fbwidth=1280 bcm2708_fb.fbheight=720 bcm2708_fb.fbswap=1 dma.dmachans=0x7f35 bcm2709.boardrev=0xa22082 bcm2709.serial=0x76f57c96 bcm2709.uart_clock=48000000 smsc95xx.macaddr=B8:27:EB:F5:7C:96 vc_mem.mem_base=0x3dc00000 vc_mem.mem_size=0x3f000000  dwc_otg.lpm_enable=0 console=ttyS0,115200 console=tty1 root=/dev/mmcblk0p7 rootfstype=ext4 elevator=deadline fsck.repair=yes rootwait splash plymouth.ignore-serial-consoles
[    0.000000] PID hash table entries: 4096 (order: 2, 16384 bytes)
[    0.000000] Dentry cache hash table entries: 131072 (order: 7, 524288 bytes)
[    0.000000] Inode-cache hash table entries: 65536 (order: 6, 262144 bytes)
[    0.000000] Memory: 939064K/966656K available (6357K kernel code, 432K rwdata, 1716K rodata, 476K init, 764K bss, 19400K reserved, 8192K cma-reserved)
[    0.000000] Virtual kernel memory layout:
    vector  : 0xffff0000 - 0xffff1000   (   4 kB)
    fixmap  : 0xffc00000 - 0xfff00000   (3072 kB)
    vmalloc : 0xbb800000 - 0xff800000   (1088 MB)
    lowmem  : 0x80000000 - 0xbb000000   ( 944 MB)
    modules : 0x7f000000 - 0x80000000   (  16 MB)
      .text : 0x80008000 - 0x807ea73c   (8074 kB)
      .init : 0x807eb000 - 0x80862000   ( 476 kB)
      .data : 0x80862000 - 0x808ce350   ( 433 kB)
       .bss : 0x808d1000 - 0x809901ec   ( 765 kB)
[    0.000000] SLUB: HWalign=64, Order=0-3, MinObjects=0, CPUs=4, Nodes=1
[    0.000000] Hierarchical RCU implementation.
[    0.000000] 	Build-time adjustment of leaf fanout to 32.
[    0.000000] NR_IRQS:16 nr_irqs:16 16
[    0.000000] Architected cp15 timer(s) running at 19.20MHz (phys).
[    0.000000] clocksource: arch_sys_counter: mask: 0xffffffffffffff max_cycles: 0x46d987e47, max_idle_ns: 440795202767 ns
[    0.000008] sched_clock: 56 bits at 19MHz, resolution 52ns, wraps every 4398046511078ns
[    0.000026] Switching to timer-based delay loop, resolution 52ns
[    0.000284] Console: colour dummy device 80x30
[    0.001364] console [tty1] enabled
[    0.001410] Calibrating delay loop (skipped), value calculated using timer frequency.. 38.40 BogoMIPS (lpj=192000)
[    0.001478] pid_max: default: 32768 minimum: 301
[    0.001808] Mount-cache hash table entries: 2048 (order: 1, 8192 bytes)
[    0.001850] Mountpoint-cache hash table entries: 2048 (order: 1, 8192 bytes)
[    0.002796] Disabling cpuset control group subsystem
[    0.002853] Initializing cgroup subsys io
[    0.002903] Initializing cgroup subsys memory
[    0.002969] Initializing cgroup subsys devices
[    0.003013] Initializing cgroup subsys freezer
[    0.003055] Initializing cgroup subsys net_cls
[    0.003125] CPU: Testing write buffer coherency: ok
[    0.003210] ftrace: allocating 21246 entries in 63 pages
[    0.050908] CPU0: update cpu_capacity 1024
[    0.050976] CPU0: thread -1, cpu 0, socket 0, mpidr 80000000
[    0.051008] [bcm2709_smp_prepare_cpus] enter
[    0.051166] Setting up static identity map for 0x8240 - 0x8274
[    0.052819] [bcm2709_boot_secondary] cpu:1 started (0) 18
[    0.053032] [bcm2709_secondary_init] enter cpu:1
[    0.053076] CPU1: update cpu_capacity 1024
[    0.053082] CPU1: thread -1, cpu 1, socket 0, mpidr 80000001
[    0.053457] [bcm2709_boot_secondary] cpu:2 started (0) 17
[    0.053620] [bcm2709_secondary_init] enter cpu:2
[    0.053642] CPU2: update cpu_capacity 1024
[    0.053648] CPU2: thread -1, cpu 2, socket 0, mpidr 80000002
[    0.054008] [bcm2709_boot_secondary] cpu:3 started (0) 17
[    0.054136] [bcm2709_secondary_init] enter cpu:3
[    0.054157] CPU3: update cpu_capacity 1024
[    0.054163] CPU3: thread -1, cpu 3, socket 0, mpidr 80000003
[    0.054223] Brought up 4 CPUs
[    0.054322] SMP: Total of 4 processors activated (153.60 BogoMIPS).
[    0.054351] CPU: All CPU(s) started in HYP mode.
[    0.054378] CPU: Virtualization extensions available.
[    0.055011] devtmpfs: initialized
[    0.066065] VFP support v0.3: implementor 41 architecture 3 part 40 variant 3 rev 4
[    0.066439] clocksource: jiffies: mask: 0xffffffff max_cycles: 0xffffffff, max_idle_ns: 19112604462750000 ns
[    0.067174] pinctrl core: initialized pinctrl subsystem
[    0.067725] NET: Registered protocol family 16
[    0.072968] DMA: preallocated 4096 KiB pool for atomic coherent allocations
[    0.079898] hw-breakpoint: found 5 (+1 reserved) breakpoint and 4 watchpoint registers.
[    0.079948] hw-breakpoint: maximum watchpoint size is 8 bytes.
[    0.080120] Serial: AMBA PL011 UART driver
[    0.080272] uart-pl011 3f201000.uart: could not find pctldev for node /soc/gpio@7e200000/uart0_pins, deferring probe
[    0.080506] bcm2835-mbox 3f00b880.mailbox: mailbox enabled
[    0.143073] bcm2835-dma 3f007000.dma: DMA legacy API manager at f3007000, dmachans=0x1
[    0.143683] SCSI subsystem initialized
[    0.143884] usbcore: registered new interface driver usbfs
[    0.143995] usbcore: registered new interface driver hub
[    0.144119] usbcore: registered new device driver usb
[    0.150473] raspberrypi-firmware soc:firmware: Attached to firmware from 2017-04-05 11:49
[    0.177727] clocksource: Switched to clocksource arch_sys_counter
[    0.222549] FS-Cache: Loaded
[    0.222846] CacheFiles: Loaded
[    0.235149] NET: Registered protocol family 2
[    0.236019] TCP established hash table entries: 8192 (order: 3, 32768 bytes)
[    0.236158] TCP bind hash table entries: 8192 (order: 4, 65536 bytes)
[    0.236369] TCP: Hash tables configured (established 8192 bind 8192)
[    0.236484] UDP hash table entries: 512 (order: 2, 16384 bytes)
[    0.236551] UDP-Lite hash table entries: 512 (order: 2, 16384 bytes)
[    0.236805] NET: Registered protocol family 1
[    0.237154] RPC: Registered named UNIX socket transport module.
[    0.237187] RPC: Registered udp transport module.
[    0.237215] RPC: Registered tcp transport module.
[    0.237243] RPC: Registered tcp NFSv4.1 backchannel transport module.
[    0.238411] hw perfevents: enabled with armv7_cortex_a7 PMU driver, 7 counters available
[    0.239783] futex hash table entries: 1024 (order: 4, 65536 bytes)
[    0.252984] VFS: Disk quotas dquot_6.6.0
[    0.253308] VFS: Dquot-cache hash table entries: 1024 (order 0, 4096 bytes)
[    0.255582] FS-Cache: Netfs 'nfs' registered for caching
[    0.256503] NFS: Registering the id_resolver key type
[    0.256570] Key type id_resolver registered
[    0.256599] Key type id_legacy registered
[    0.258938] Block layer SCSI generic (bsg) driver version 0.4 loaded (major 252)
[    0.259100] io scheduler noop registered
[    0.259137] io scheduler deadline registered (default)
[    0.259208] io scheduler cfq registered
[    0.261763] BCM2708FB: allocated DMA memory fac10000
[    0.261810] BCM2708FB: allocated DMA channel 0 @ f3007000
[    0.288045] Console: switching to colour frame buffer device 160x45
[    0.304048] bcm2835-rng 3f104000.rng: hwrng registered
[    0.304284] vc-cma: Videocore CMA driver
[    0.304402] vc-cma: vc_cma_base      = 0x00000000
[    0.304537] vc-cma: vc_cma_size      = 0x00000000 (0 MiB)
[    0.304689] vc-cma: vc_cma_initial   = 0x00000000 (0 MiB)
[    0.305040] vc-mem: phys_addr:0x00000000 mem_base=0x3dc00000 mem_size:0x3f000000(1008 MiB)
[    0.320184] brd: module loaded
[    0.328897] loop: module loaded
[    0.329910] vchiq: vchiq_init_state: slot_zero = 0xbac80000, is_master = 0
[    0.331558] Loading iSCSI transport class v2.0-870.
[    0.336793] usbcore: registered new interface driver smsc95xx
[    0.341590] dwc_otg: version 3.00a 10-AUG-2012 (platform bus)
[    0.546580] Core Release: 2.80a
[    0.551190] Setting default values for core params
[    0.555800] Finished setting default values for core params
[    0.760775] Using Buffer DMA mode
[    0.765290] Periodic Transfer Interrupt Enhancement - disabled
[    0.769886] Multiprocessor Interrupt Enhancement - disabled
[    0.774451] OTG VER PARAM: 0, OTG VER FLAG: 0
[    0.779024] Dedicated Tx FIFOs mode
[    0.783856] WARN::dwc_otg_hcd_init:1047: FIQ DMA bounce buffers: virt = 0xbac04000 dma = 0xfac04000 len=9024
[    0.788777] FIQ FSM acceleration enabled for :
Non-periodic Split Transactions
Periodic Split Transactions
High-Speed Isochronous Endpoints
Interrupt/Control Split Transaction hack enabled
[    0.812309] dwc_otg: Microframe scheduler enabled
[    0.812362] WARN::hcd_init_fiq:415: FIQ on core 1 at 0x80448d28
[    0.817008] WARN::hcd_init_fiq:416: FIQ ASM at 0x80449098 length 36
[    0.821590] WARN::hcd_init_fiq:441: MPHI regs_base at 0xbb87e000
[    0.826197] dwc_otg 3f980000.usb: DWC OTG Controller
[    0.830796] dwc_otg 3f980000.usb: new USB bus registered, assigned bus number 1
[    0.835495] dwc_otg 3f980000.usb: irq 62, io mem 0x00000000
[    0.840146] Init: Port Power? op_state=1
[    0.844648] Init: Power Port (0)
[    0.849289] usb usb1: New USB device found, idVendor=1d6b, idProduct=0002
[    0.853908] usb usb1: New USB device strings: Mfr=3, Product=2, SerialNumber=1
[    0.858575] usb usb1: Product: DWC OTG Controller
[    0.863195] usb usb1: Manufacturer: Linux 4.4.50-v7+ dwc_otg_hcd
[    0.867892] usb usb1: SerialNumber: 3f980000.usb
[    0.873331] hub 1-0:1.0: USB hub found
[    0.877950] hub 1-0:1.0: 1 port detected
[    0.883180] dwc_otg: FIQ enabled
[    0.883189] dwc_otg: NAK holdoff enabled
[    0.883197] dwc_otg: FIQ split-transaction FSM enabled
[    0.883232] Module dwc_common_port init
[    0.883468] usbcore: registered new interface driver usb-storage
[    0.888403] mousedev: PS/2 mouse device common for all mice
[    0.893833] bcm2835-cpufreq: min=600000 max=1200000
[    0.898883] sdhci: Secure Digital Host Controller Interface driver
[    0.903635] sdhci: Copyright(c) Pierre Ossman
[    0.908623] sdhost: log_buf @ bac07000 (fac07000)
[    0.967757] mmc0: sdhost-bcm2835 loaded - DMA enabled (>1)
[    0.974703] mmc-bcm2835 3f300000.mmc: mmc_debug:0 mmc_debug2:0
[    0.979399] mmc-bcm2835 3f300000.mmc: DMA channel allocated
[    1.027842] sdhci-pltfm: SDHCI platform and OF driver helper
[    1.032830] ledtrig-cpu: registered to indicate activity on CPUs
[    1.037552] hidraw: raw HID events driver (C) Jiri Kosina
[    1.042381] usbcore: registered new interface driver usbhid
[    1.047028] usbhid: USB HID core driver
[    1.052180] Initializing XFRM netlink socket
[    1.056780] NET: Registered protocol family 17
[    1.061471] Key type dns_resolver registered
[    1.066546] Registering SWP/SWPB emulation handler
[    1.068957] mmc0: host does not support reading read-only switch, assuming write-enable
[    1.071841] mmc0: new high speed SDHC card at address aaaa
[    1.072413] mmcblk0: mmc0:aaaa SL16G 14.8 GiB
[    1.079538]  mmcblk0: p1 p2 < p5 p6 p7 >
[    1.089239] Indeed it is in host mode hprt0 = 00021501
[    1.097198] mmc1: queuing unknown CIS tuple 0x80 (2 bytes)
[    1.098611] registered taskstats version 1
[    1.098796] vc-sm: Videocore shared memory driver
[    1.098807] [vc_sm_connected_init]: start
[    1.115748] [vc_sm_connected_init]: end - returning 0
[    1.116812] mmc1: queuing unknown CIS tuple 0x80 (3 bytes)
[    1.118378] mmc1: queuing unknown CIS tuple 0x80 (3 bytes)
[    1.121159] mmc1: queuing unknown CIS tuple 0x80 (7 bytes)
[    1.134772] 3f201000.uart: ttyAMA0 at MMIO 0x3f201000 (irq = 87, base_baud = 0) is a PL011 rev2
[    1.139671] of_cfs_init
[    1.144179] of_cfs_init: OK
[    1.165122] EXT4-fs (mmcblk0p7): mounted filesystem with ordered data mode. Opts: (null)
[    1.169734] VFS: Mounted root (ext4 filesystem) readonly on device 179:7.
[    1.177502] devtmpfs: mounted
[    1.182756] Freeing unused kernel memory: 476K (807eb000 - 80862000)
[    1.212764] mmc1: new high speed SDIO card at address 0001
[    1.267773] usb 1-1: new high-speed USB device number 2 using dwc_otg
[    1.272648] Indeed it is in host mode hprt0 = 00001101
[    1.465844] random: systemd: uninitialized urandom read (16 bytes read, 40 bits of entropy available)
[    1.468081] usb 1-1: New USB device found, idVendor=0424, idProduct=9514
[    1.468090] usb 1-1: New USB device strings: Mfr=0, Product=0, SerialNumber=0
[    1.468884] hub 1-1:1.0: USB hub found
[    1.468985] hub 1-1:1.0: 5 ports detected
[    1.496680] systemd[1]: systemd 215 running in system mode. (+PAM +AUDIT +SELINUX +IMA +SYSVINIT +LIBCRYPTSETUP +GCRYPT +ACL +XZ -SECCOMP -APPARMOR)
[    1.502293] systemd[1]: Detected architecture 'arm'.
[    1.625264] NET: Registered protocol family 10
[    1.631785] systemd[1]: Inserted module 'ipv6'
[    1.641047] systemd[1]: Set hostname to <raspberrypi>.
[    1.646304] random: systemd: uninitialized urandom read (16 bytes read, 64 bits of entropy available)
[    1.651640] systemd[1]: Initializing machine ID from random generator.
[    1.657139] systemd[1]: Installed transient /etc/machine-id file.
[    1.747906] usb 1-1.1: new high-speed USB device number 3 using dwc_otg
[    1.812842] random: systemd-sysv-ge: uninitialized urandom read (16 bytes read, 68 bits of entropy available)
[    1.868069] usb 1-1.1: New USB device found, idVendor=0424, idProduct=ec00
[    1.873595] usb 1-1.1: New USB device strings: Mfr=0, Product=0, SerialNumber=0
[    1.881955] smsc95xx v1.0.4
[    1.892366] random: systemd: uninitialized urandom read (16 bytes read, 70 bits of entropy available)
[    1.899369] random: systemd: uninitialized urandom read (16 bytes read, 70 bits of entropy available)
[    1.906361] random: systemd: uninitialized urandom read (16 bytes read, 70 bits of entropy available)
[    1.929104] random: systemd: uninitialized urandom read (16 bytes read, 71 bits of entropy available)
[    1.935374] random: systemd: uninitialized urandom read (16 bytes read, 72 bits of entropy available)
[    1.941017] random: systemd: uninitialized urandom read (16 bytes read, 72 bits of entropy available)
[    1.951313] smsc95xx 1-1.1:1.0 eth0: register 'smsc95xx' at usb-3f980000.usb-1.1, smsc95xx USB 2.0 Ethernet, b8:27:eb:f5:7c:96
[    1.985364] random: systemd: uninitialized urandom read (16 bytes read, 74 bits of entropy available)
[    2.092021] systemd[1]: Cannot add dependency job for unit regenerate_ssh_host_keys.service, ignoring: Unit regenerate_ssh_host_keys.service failed to load: No such file or directory.
[    2.107335] systemd[1]: Starting Forward Password Requests to Wall Directory Watch.
[    2.113899] systemd[1]: Started Forward Password Requests to Wall Directory Watch.
[    2.120117] systemd[1]: Starting Remote File Systems (Pre).
[    2.132900] systemd[1]: Reached target Remote File Systems (Pre).
[    2.139134] systemd[1]: Starting Arbitrary Executable File Formats File System Automount Point.
[    2.152476] systemd[1]: Set up automount Arbitrary Executable File Formats File System Automount Point.
[    2.158898] systemd[1]: Starting Encrypted Volumes.
[    2.171727] systemd[1]: Reached target Encrypted Volumes.
[    2.177959] systemd[1]: Starting Swap.
[    2.190639] systemd[1]: Reached target Swap.
[    2.196628] systemd[1]: Expecting device dev-mmcblk0p6.device...
[    2.208744] systemd[1]: Starting Root Slice.
[    2.220920] systemd[1]: Created slice Root Slice.
[    2.226801] systemd[1]: Starting User and Session Slice.
[    2.239219] systemd[1]: Created slice User and Session Slice.
[    2.245105] systemd[1]: Starting Delayed Shutdown Socket.
[    2.257192] systemd[1]: Listening on Delayed Shutdown Socket.
[    2.263025] systemd[1]: Starting /dev/initctl Compatibility Named Pipe.
[    2.274933] systemd[1]: Listening on /dev/initctl Compatibility Named Pipe.
[    2.280696] systemd[1]: Starting Journal Socket (/dev/log).
[    2.292520] systemd[1]: Listening on Journal Socket (/dev/log).
[    2.298303] systemd[1]: Starting udev Control Socket.
[    2.310539] systemd[1]: Listening on udev Control Socket.
[    2.316568] systemd[1]: Starting udev Kernel Socket.
[    2.329076] systemd[1]: Listening on udev Kernel Socket.
[    2.334929] systemd[1]: Starting Journal Socket.
[    2.346396] systemd[1]: Listening on Journal Socket.
[    2.351812] systemd[1]: Starting System Slice.
[    2.362877] systemd[1]: Created slice System Slice.
[    2.368171] systemd[1]: Starting File System Check on Root Device...
[    2.408290] systemd[1]: Starting system-systemd\x2dfsck.slice.
[    2.419676] systemd[1]: Created slice system-systemd\x2dfsck.slice.
[    2.424875] systemd[1]: Starting system-autologin.slice.
[    2.435999] systemd[1]: Created slice system-autologin.slice.
[    2.441302] systemd[1]: Starting Increase datagram queue length...
[    2.454881] systemd[1]: Starting Restore / save the current clock...
[    2.475147] systemd[1]: Starting udev Coldplug all Devices...
[    2.489595] systemd[1]: Mounting Debug File System...
[    2.504126] systemd[1]: Starting Create list of required static device nodes for the current kernel...
[    2.545775] systemd[1]: Starting Load Kernel Modules...
[    2.564915] systemd[1]: Mounting POSIX Message Queue File System...
[    2.583768] systemd[1]: Mounted Huge Pages File System.
[    2.601174] systemd[1]: Started Set Up Additional Binary Formats.
[    2.602997] fuse init (API version 7.23)
[    2.612542] systemd[1]: Starting Slices.
[    2.621679] i2c /dev entries driver
[    2.629213] systemd[1]: Reached target Slices.
[    2.643294] systemd[1]: Mounted POSIX Message Queue File System.
[    2.654497] systemd[1]: Mounted Debug File System.
[    2.666851] systemd[1]: Started Increase datagram queue length.
[    2.690990] systemd[1]: Started File System Check on Root Device.
[    2.703513] systemd[1]: Started Restore / save the current clock.
[    2.756795] systemd[1]: Started Create list of required static device nodes for the current kernel.
[    2.770222] systemd[1]: Started Load Kernel Modules.
[    2.779868] systemd[1]: Time has been changed
[    2.801421] systemd[1]: Started udev Coldplug all Devices.
[    2.946233] systemd[1]: Mounting Configuration File System...
[    2.998136] systemd[1]: Starting Apply Kernel Variables...
[    3.013342] systemd[1]: Mounting FUSE Control File System...
[    3.028431] systemd[1]: Starting Create Static Device Nodes in /dev...
[    3.044121] systemd[1]: Starting Syslog Socket.
[    3.050712] systemd[1]: Listening on Syslog Socket.
[    3.050891] systemd[1]: Starting Journal Service...
[    3.066484] systemd[1]: Started Journal Service.
[    3.238194] systemd-udevd[136]: starting version 215
[    3.569949] bcm2835-wdt 3f100000.watchdog: Broadcom BCM2835 watchdog timer
[    3.573848] gpiomem-bcm2835 3f200000.gpiomem: Initialised: Registers at 0x3f200000
[    3.905430] usbcore: registered new interface driver brcmfmac
[    3.951458] EXT4-fs (mmcblk0p7): re-mounted. Opts: (null)
[    4.066389] brcmfmac: brcmf_c_preinit_dcmds: Firmware version = wl0: May 27 2016 00:13:38 version 7.45.41.26 (r640327) FWID 01-df77e4a7
[    4.083915] random: nonblocking pool is initialized
[    4.087328] brcmfmac: brcmf_cfg80211_reg_notifier: not a ISO3166 code
[    4.200419] brcmfmac: brcmf_cfg80211_reg_notifier: not a ISO3166 code
[    4.200447] cfg80211: World regulatory domain updated:
[    4.200456] cfg80211:  DFS Master region: unset
[    4.200466] cfg80211:   (start_freq - end_freq @ bandwidth), (max_antenna_gain, max_eirp), (dfs_cac_time)
[    4.200482] cfg80211:   (2402000 KHz - 2472000 KHz @ 40000 KHz), (N/A, 2000 mBm), (N/A)
[    4.200497] cfg80211:   (2457000 KHz - 2482000 KHz @ 20000 KHz, 92000 KHz AUTO), (N/A, 2000 mBm), (N/A)
[    4.200509] cfg80211:   (2474000 KHz - 2494000 KHz @ 20000 KHz), (N/A, 2000 mBm), (N/A)
[    4.200523] cfg80211:   (5170000 KHz - 5250000 KHz @ 80000 KHz, 160000 KHz AUTO), (N/A, 2000 mBm), (N/A)
[    4.200537] cfg80211:   (5250000 KHz - 5330000 KHz @ 80000 KHz, 160000 KHz AUTO), (N/A, 2000 mBm), (0 s)
[    4.200550] cfg80211:   (5490000 KHz - 5730000 KHz @ 160000 KHz), (N/A, 2000 mBm), (0 s)
[    4.200562] cfg80211:   (5735000 KHz - 5835000 KHz @ 80000 KHz), (N/A, 2000 mBm), (N/A)
[    4.200574] cfg80211:   (57240000 KHz - 63720000 KHz @ 2160000 KHz), (N/A, 0 mBm), (N/A)
[    4.617901] systemd-journald[134]: Received request to flush runtime journal from PID 1
[    6.021949] brcmfmac: brcmf_add_if: ERROR: netdev:wlan0 already exists
[    6.021966] brcmfmac: brcmf_add_if: ignore IF event
[    6.026136] IPv6: ADDRCONF(NETDEV_UP): wlan0: link is not ready
[    6.026167] brcmfmac: power management disabled
[    6.329130] uart-pl011 3f201000.uart: no DMA platform data
[    6.443878] Adding 102396k swap on /var/swap.  Priority:-1 extents:1 across:102396k SSFS
[    6.879153] smsc95xx 1-1.1:1.0 eth0: hardware isn't capable of remote wakeup
[    6.879322] IPv6: ADDRCONF(NETDEV_UP): eth0: link is not ready
[    7.280742] IPv6: ADDRCONF(NETDEV_CHANGE): wlan0: link becomes ready
[   10.754467] Bluetooth: Core ver 2.21
[   10.754530] NET: Registered protocol family 31
[   10.754535] Bluetooth: HCI device and connection manager initialized
[   10.754552] Bluetooth: HCI socket layer initialized
[   10.754564] Bluetooth: L2CAP socket layer initialized
[   10.754586] Bluetooth: SCO socket layer initialized
[   10.801053] Bluetooth: HCI UART driver ver 2.3
[   10.801075] Bluetooth: HCI UART protocol H4 registered
[   10.801081] Bluetooth: HCI UART protocol Three-wire (H5) registered
[   10.801252] Bluetooth: HCI UART protocol BCM registered
[   11.115299] Bluetooth: BNEP (Ethernet Emulation) ver 1.3
[   11.115312] Bluetooth: BNEP filters: protocol multicast
[   11.115327] Bluetooth: BNEP socket layer initialized
[   13.732454] EXT4-fs (mmcblk0p5): mounted filesystem with ordered data mode. Opts: (null)
