# test_commands.py

from ssh_connection import SSHconnection

# An Lam's RP
hostname = '192.168.1.84'
port = 22
username = 'pi'
password = 'anlam2018'

def test_dmesg():
    ssh_con = SSHconnection(hostname, username, password, port)
    out, err = ssh_con.execute_command_buffer("dmesg")
    print("output from Raspberry Pi: " + out)
    # assert out == ""
    #assert out != ""
    ssh_con.close()

def test_any_command(cmd):
    ssh_con = SSHconnection(hostname, username, password, port)
    out, err = ssh_con.execute_command_buffer(cmd)
    print("output from '{}': \n {}".format(cmd, out))
    ssh_con.close()

if __name__ == "__main__":
    # print("Calling test_dmesg:\n")
    # test_dmesg()

    print("Calling test_any_command");
    cmd = "ls /home/pi"
    test_any_command(cmd)

"""
C:\Users\lama2\AppData\Local\Programs\Python\Python36-32\python.exe C:/Users/lama2/PycharmProjects/test-automation/test_commands.py
Calling test_dmesg:

stdout.channel.recv ready
Receive the next 1024 bytes
Receive the next 1024 bytes
Receive the next 1024 bytes
Receive the next 1024 bytes
Receive the next 1024 bytes
Receive the next 1024 bytes
Receive the next 1024 bytes
Receive the next 1024 bytes
Receive the next 1024 bytes
Receive the next 1024 bytes
Receive the next 1024 bytes
Receive the next 1024 bytes
Receive the next 1024 bytes
Receive the next 1024 bytes
Receive the next 1024 bytes
Receive the next 1024 bytes
Receive the next 1024 bytes
Receive the next 1024 bytes
Receive the next 1024 bytes
Receive the next 1024 bytes
Receive the next 1024 bytes
Receive the next 1024 bytes
Receive the next 1024 bytes
output from Raspberry Pi: [    0.000000] Booting Linux on physical CPU 0x0
[    0.000000] Initializing cgroup subsys cpuset
[    0.000000] Initializing cgroup subsys cpu
[    0.000000] Initializing cgroup subsys cpuacct
[    0.000000] Linux version 4.4.50-v7+ (dc4@dc4-XPS13-9333) (gcc version 4.9.3 (crosstool-NG crosstool-ng-1.22.0-88-g8460611) ) #970 SMP Mon Feb 20 19:18:29 GMT 2017
[    0.000000] CPU: ARMv7 Processor [410fd034] revision 4 (ARMv7), cr=10c5383d
[    0.000000] CPU: PIPT / VIPT nonaliasing data cache, VIPT aliasing instruction cache
[    0.000000] Machine model: Raspberry Pi 3 Model B Rev 1.2
[    0.000000] cma: Reserved 8 MiB at 0x3a800000
[    0.000000] Memory policy: Data cache writealloc
[    0.000000] On node 0 totalpages: 241664
[    0.000000] free_area_init_node: node 0, pgdat 808c5040, node_mem_map b9fa6000
[    0.000000]   Normal zone: 2124 pages used for memmap
[    0.000000]   Normal zone: 0 pages reserved
[    0.000000]   Normal zone: 241664 pages, LIFO batch:31
[    0.000000] [bcm2709_smp_init_cpus] enter (9520->f3003010)
[    0.000000] [bcm2709_smp_init_cpus] ncores=4
[    0.000000] PERCPU: Embedded 13 pages/cpu @b9f62000 s22592 r8192 d22464 u53248
[    0.000000] pcpu-alloc: s22592 r8192 d22464 u53248 alloc=13*4096
[    0.000000] pcpu-alloc: [0] 0 [0] 1 [0] 2 [0] 3
[    0.000000] Built 1 zonelists in Zone order, mobility grouping on.  Total pages: 239540
[    0.000000] Kernel command line: 8250.nr_uarts=0 bcm2708_fb.fbwidth=1184 bcm2708_fb.fbheight=624 bcm2708_fb.fbswap=1 dma.dmachans=0x7f35 bcm2709.boardrev=0xa02082 bcm2709.serial=0x6bc100e9 bcm2709.uart_clock=48000000 smsc95xx.macaddr=B8:27:EB:C1:00:E9 vc_mem.mem_base=0x3dc00000 vc_mem.mem_size=0x3f000000  dwc_otg.lpm_enable=0 console=ttyS0,115200 console=tty1 root=/dev/mmcblk0p7 rootfstype=ext4 elevator=deadline fsck.repair=yes rootwait splash plymouth.ignore-serial-consoles
[    0.000000] PID hash table entries: 4096 (order: 2, 16384 bytes)
[    0.000000] Dentry cache hash table entries: 131072 (order: 7, 524288 bytes)
[    0.000000] Inode-cache hash table entries: 65536 (order: 6, 262144 bytes)
[    0.000000] Memory: 939064K/966656K available (6357K kernel code, 432K rwdata, 1716K rodata, 476K init, 764K bss, 19400K reserved, 8192K cma-reserved)
[    0.000000] Virtual kernel memory layout:
    vector  : 0xffff0000 - 0xffff1000   (   4 kB)
    fixmap  : 0xffc00000 - 0xfff00000   (3072 kB)
    vmalloc : 0xbb800000 - 0xff800000   (1088 MB)
    lowmem  : 0x80000000 - 0xbb000000   ( 944 MB)
    modules : 0x7f000000 - 0x80000000   (  16 MB)
      .text : 0x80008000 - 0x807ea73c   (8074 kB)
      .init : 0x807eb000 - 0x80862000   ( 476 kB)
      .data : 0x80862000 - 0x808ce350   ( 433 kB)
       .bss : 0x808d1000 - 0x809901ec   ( 765 kB)
[    0.000000] SLUB: HWalign=64, Order=0-3, MinObjects=0, CPUs=4, Nodes=1
[    0.000000] Hierarchical RCU implementation.
[    0.000000] 	Build-time adjustment of leaf fanout to 32.
[    0.000000] NR_IRQS:16 nr_irqs:16 16
[    0.000000] Architected cp15 timer(s) running at 19.20MHz (phys).
[    0.000000] clocksource: arch_sys_counter: mask: 0xffffffffffffff max_cycles: 0x46d987e47, max_idle_ns: 440795202767 ns
[    0.000009] sched_clock: 56 bits at 19MHz, resolution 52ns, wraps every 4398046511078ns
[    0.000027] Switching to timer-based delay loop, resolution 52ns
[    0.000293] Console: colour dummy device 80x30
[    0.001369] console [tty1] enabled
[    0.001413] Calibrating delay loop (skipped), value calculated using timer frequency.. 38.40 BogoMIPS (lpj=192000)
[    0.001480] pid_max: default: 32768 minimum: 301
[    0.001816] Mount-cache hash table entries: 2048 (order: 1, 8192 bytes)
[    0.001859] Mountpoint-cache hash table entries: 2048 (order: 1, 8192 bytes)
[    0.002822] Disabling cpuset control group subsystem
[    0.002878] Initializing cgroup subsys io
[    0.002929] Initializing cgroup subsys memory
[    0.002997] Initializing cgroup subsys devices
[    0.003040] Initializing cgroup subsys freezer
[    0.003082] Initializing cgroup subsys net_cls
[    0.003154] CPU: Testing write buffer coherency: ok
[    0.003241] ftrace: allocating 21246 entries in 63 pages
[    0.051773] CPU0: update cpu_capacity 1024
[    0.051841] CPU0: thread -1, cpu 0, socket 0, mpidr 80000000
[    0.051873] [bcm2709_smp_prepare_cpus] enter
[    0.052030] Setting up static identity map for 0x8240 - 0x8274
[    0.053667] [bcm2709_boot_secondary] cpu:1 started (0) 18
[    0.053856] [bcm2709_secondary_init] enter cpu:1
[    0.053898] CPU1: update cpu_capacity 1024
[    0.053905] CPU1: thread -1, cpu 1, socket 0, mpidr 80000001
[    0.054277] [bcm2709_boot_secondary] cpu:2 started (0) 17
[    0.054441] [bcm2709_secondary_init] enter cpu:2
[    0.054462] CPU2: update cpu_capacity 1024
[    0.054468] CPU2: thread -1, cpu 2, socket 0, mpidr 80000002
[    0.054833] [bcm2709_boot_secondary] cpu:3 started (0) 17
[    0.054964] [bcm2709_secondary_init] enter cpu:3
[    0.054984] CPU3: update cpu_capacity 1024
[    0.054990] CPU3: thread -1, cpu 3, socket 0, mpidr 80000003
[    0.055050] Brought up 4 CPUs
[    0.055148] SMP: Total of 4 processors activated (153.60 BogoMIPS).
[    0.055178] CPU: All CPU(s) started in HYP mode.
[    0.055204] CPU: Virtualization extensions available.
[    0.055830] devtmpfs: initialized
[    0.066875] VFP support v0.3: implementor 41 architecture 3 part 40 variant 3 rev 4
[    0.067250] clocksource: jiffies: mask: 0xffffffff max_cycles: 0xffffffff, max_idle_ns: 19112604462750000 ns
[    0.067978] pinctrl core: initialized pinctrl subsystem
[    0.068526] NET: Registered protocol family 16
[    0.073770] DMA: preallocated 4096 KiB pool for atomic coherent allocations
[    0.080710] hw-breakpoint: found 5 (+1 reserved) breakpoint and 4 watchpoint registers.
[    0.080759] hw-breakpoint: maximum watchpoint size is 8 bytes.
[    0.080930] Serial: AMBA PL011 UART driver
[    0.081082] uart-pl011 3f201000.uart: could not find pctldev for node /soc/gpio@7e200000/uart0_pins, deferring probe
[    0.081320] bcm2835-mbox 3f00b880.mailbox: mailbox enabled
[    0.143905] bcm2835-dma 3f007000.dma: DMA legacy API manager at f3007000, dmachans=0x1
[    0.144516] SCSI subsystem initialized
[    0.144718] usbcore: registered new interface driver usbfs
[    0.144830] usbcore: registered new interface driver hub
[    0.144955] usbcore: registered new device driver usb
[    0.151328] raspberrypi-firmware soc:firmware: Attached to firmware from 2017-04-05 11:49
[    0.178580] clocksource: Switched to clocksource arch_sys_counter
[    0.223350] FS-Cache: Loaded
[    0.223647] CacheFiles: Loaded
[    0.235937] NET: Registered protocol family 2
[    0.236806] TCP established hash table entries: 8192 (order: 3, 32768 bytes)
[    0.236944] TCP bind hash table entries: 8192 (order: 4, 65536 bytes)
[    0.237156] TCP: Hash tables configured (established 8192 bind 8192)
[    0.237270] UDP hash table entries: 512 (order: 2, 16384 bytes)
[    0.237339] UDP-Lite hash table entries: 512 (order: 2, 16384 bytes)
[    0.237593] NET: Registered protocol family 1
[    0.237944] RPC: Registered named UNIX socket transport module.
[    0.237976] RPC: Registered udp transport module.
[    0.238004] RPC: Registered tcp transport module.
[    0.238031] RPC: Registered tcp NFSv4.1 backchannel transport module.
[    0.239199] hw perfevents: enabled with armv7_cortex_a7 PMU driver, 7 counters available
[    0.240566] futex hash table entries: 1024 (order: 4, 65536 bytes)
[    0.253838] VFS: Disk quotas dquot_6.6.0
[    0.254165] VFS: Dquot-cache hash table entries: 1024 (order 0, 4096 bytes)
[    0.256441] FS-Cache: Netfs 'nfs' registered for caching
[    0.257362] NFS: Registering the id_resolver key type
[    0.257425] Key type id_resolver registered
[    0.257454] Key type id_legacy registered
[    0.259787] Block layer SCSI generic (bsg) driver version 0.4 loaded (major 252)
[    0.259950] io scheduler noop registered
[    0.259987] io scheduler deadline registered (default)
[    0.260058] io scheduler cfq registered
[    0.262612] BCM2708FB: allocated DMA memory fac10000
[    0.262659] BCM2708FB: allocated DMA channel 0 @ f3007000
[    0.283943] Console: switching to colour frame buffer device 148x39
[    0.296986] bcm2835-rng 3f104000.rng: hwrng registered
[    0.297221] vc-cma: Videocore CMA driver
[    0.297339] vc-cma: vc_cma_base      = 0x00000000
[    0.297473] vc-cma: vc_cma_size      = 0x00000000 (0 MiB)
[    0.301301] vc-cma: vc_cma_initial   = 0x00000000 (0 MiB)
[    0.305289] vc-mem: phys_addr:0x00000000 mem_base=0x3dc00000 mem_size:0x3f000000(1008 MiB)
[    0.324170] brd: module loaded
[    0.336658] loop: module loaded
[    0.341423] vchiq: vchiq_init_state: slot_zero = 0xbac80000, is_master = 0
[    0.346771] Loading iSCSI transport class v2.0-870.
[    0.351290] usbcore: registered new interface driver smsc95xx
[    0.355204] dwc_otg: version 3.00a 10-AUG-2012 (platform bus)
[    0.559371] Core Release: 2.80a
[    0.563181] Setting default values for core params
[    0.567056] Finished setting default values for core params
[    0.771419] Using Buffer DMA mode
[    0.775353] Periodic Transfer Interrupt Enhancement - disabled
[    0.779321] Multiprocessor Interrupt Enhancement - disabled
[    0.783236] OTG VER PARAM: 0, OTG VER FLAG: 0
[    0.787095] Dedicated Tx FIFOs mode
[    0.791208] WARN::dwc_otg_hcd_init:1047: FIQ DMA bounce buffers: virt = 0xbac04000 dma = 0xfac04000 len=9024
[    0.795242] FIQ FSM acceleration enabled for :
Non-periodic Split Transactions
Periodic Split Transactions
High-Speed Isochronous Endpoints
Interrupt/Control Split Transaction hack enabled
[    0.814766] dwc_otg: Microframe scheduler enabled
[    0.814818] WARN::hcd_init_fiq:415: FIQ on core 1 at 0x80448d28
[    0.818718] WARN::hcd_init_fiq:416: FIQ ASM at 0x80449098 length 36
[    0.822599] WARN::hcd_init_fiq:441: MPHI regs_base at 0xbb87e000
[    0.826522] dwc_otg 3f980000.usb: DWC OTG Controller
[    0.830464] dwc_otg 3f980000.usb: new USB bus registered, assigned bus number 1
[    0.834464] dwc_otg 3f980000.usb: irq 62, io mem 0x00000000
[    0.838474] Init: Port Power? op_state=1
[    0.842392] Init: Power Port (0)
[    0.846393] usb usb1: New USB device found, idVendor=1d6b, idProduct=0002
[    0.850367] usb usb1: New USB device strings: Mfr=3, Product=2, SerialNumber=1
[    0.854356] usb usb1: Product: DWC OTG Controller
[    0.858377] usb usb1: Manufacturer: Linux 4.4.50-v7+ dwc_otg_hcd
[    0.862492] usb usb1: SerialNumber: 3f980000.usb
[    0.867317] hub 1-0:1.0: USB hub found
[    0.871329] hub 1-0:1.0: 1 port detected
[    0.875891] dwc_otg: FIQ enabled
[    0.875900] dwc_otg: NAK holdoff enabled
[    0.875909] dwc_otg: FIQ split-transaction FSM enabled
[    0.875943] Module dwc_common_port init
[    0.876208] usbcore: registered new interface driver usb-storage
[    0.880445] mousedev: PS/2 mouse device common for all mice
[    0.885093] bcm2835-cpufreq: min=600000 max=1200000
[    0.889277] sdhci: Secure Digital Host Controller Interface driver
[    0.893189] sdhci: Copyright(c) Pierre Ossman
[    0.897389] sdhost: log_buf @ bac07000 (fac07000)
[    0.958612] mmc0: sdhost-bcm2835 loaded - DMA enabled (>1)
[    0.964747] mmc-bcm2835 3f300000.mmc: mmc_debug:0 mmc_debug2:0
[    0.968687] mmc-bcm2835 3f300000.mmc: DMA channel allocated
[    1.018696] sdhci-pltfm: SDHCI platform and OF driver helper
[    1.022930] ledtrig-cpu: registered to indicate activity on CPUs
[    1.026881] hidraw: raw HID events driver (C) Jiri Kosina
[    1.030962] usbcore: registered new interface driver usbhid
[    1.034757] usbhid: USB HID core driver
[    1.038984] Initializing XFRM netlink socket
[    1.042672] NET: Registered protocol family 17
[    1.046478] Key type dns_resolver registered
[    1.050773] Registering SWP/SWPB emulation handler
[    1.055282] registered taskstats version 1
[    1.059115] vc-sm: Videocore shared memory driver
[    1.059156] mmc0: host does not support reading read-only switch, assuming write-enable
[    1.062204] mmc0: new high speed SDHC card at address aaaa
[    1.062825] mmcblk0: mmc0:aaaa SL32G 29.7 GiB
[    1.070632]  mmcblk0: p1 p2 < p5 p6 p7 >
[    1.078142] Indeed it is in host mode hprt0 = 00021501
[    1.079471] [vc_sm_connected_init]: start
[    1.080048] [vc_sm_connected_init]: end - returning 0
[    1.081495] 3f201000.uart: ttyAMA0 at MMIO 0x3f201000 (irq = 87, base_baud = 0) is a PL011 rev2
[    1.081889] of_cfs_init
[    1.082027] of_cfs_init: OK
[    1.089367] mmc1: queuing unknown CIS tuple 0x80 (2 bytes)
[    1.090913] mmc1: queuing unknown CIS tuple 0x80 (3 bytes)
[    1.092458] mmc1: queuing unknown CIS tuple 0x80 (3 bytes)
[    1.095235] mmc1: queuing unknown CIS tuple 0x80 (7 bytes)
[    1.121168] EXT4-fs (mmcblk0p7): INFO: recovery required on readonly filesystem
[    1.124873] EXT4-fs (mmcblk0p7): write access will be enabled during recovery
[    1.193181] mmc1: new high speed SDIO card at address 0001
[    1.288645] usb 1-1: new high-speed USB device number 2 using dwc_otg
[    1.292563] Indeed it is in host mode hprt0 = 00001101
[    1.359525] EXT4-fs (mmcblk0p7): orphan cleanup on readonly fs
[    1.363608] EXT4-fs (mmcblk0p7): 1 orphan inode deleted
[    1.367303] EXT4-fs (mmcblk0p7): recovery complete
[    1.383341] EXT4-fs (mmcblk0p7): mounted filesystem with ordered data mode. Opts: (null)
[    1.387154] VFS: Mounted root (ext4 filesystem) readonly on device 179:7.
[    1.398962] devtmpfs: mounted
[    1.403450] Freeing unused kernel memory: 476K (807eb000 - 80862000)
[    1.488907] usb 1-1: New USB device found, idVendor=0424, idProduct=9514
[    1.492795] usb 1-1: New USB device strings: Mfr=0, Product=0, SerialNumber=0
[    1.497512] hub 1-1:1.0: USB hub found
[    1.501493] hub 1-1:1.0: 5 ports detected
[    1.672610] random: systemd: uninitialized urandom read (16 bytes read, 64 bits of entropy available)
[    1.680827] systemd[1]: systemd 215 running in system mode. (+PAM +AUDIT +SELINUX +IMA +SYSVINIT +LIBCRYPTSETUP +GCRYPT +ACL +XZ -SECCOMP -APPARMOR)
[    1.689877] systemd[1]: Detected architecture 'arm'.
[    1.778630] usb 1-1.1: new high-speed USB device number 3 using dwc_otg
[    1.803132] NET: Registered protocol family 10
[    1.808901] systemd[1]: Inserted module 'ipv6'
[    1.817335] systemd[1]: Set hostname to <anlam-rp>.
[    1.821822] random: systemd: uninitialized urandom read (16 bytes read, 66 bits of entropy available)
[    1.826234] systemd[1]: Initializing machine ID from random generator.
[    1.830937] systemd[1]: Installed transient /etc/machine-id file.
[    1.878879] usb 1-1.1: New USB device found, idVendor=0424, idProduct=ec00
[    1.883522] usb 1-1.1: New USB device strings: Mfr=0, Product=0, SerialNumber=0
[    1.891064] smsc95xx v1.0.4
[    1.952111] smsc95xx 1-1.1:1.0 eth0: register 'smsc95xx' at usb-3f980000.usb-1.1, smsc95xx USB 2.0 Ethernet, b8:27:eb:c1:00:e9
[    1.979279] random: systemd-sysv-ge: uninitialized urandom read (16 bytes read, 71 bits of entropy available)
[    2.048639] usb 1-1.2: new low-speed USB device number 4 using dwc_otg
[    2.058663] random: systemd: uninitialized urandom read (16 bytes read, 72 bits of entropy available)
[    2.065206] random: systemd: uninitialized urandom read (16 bytes read, 72 bits of entropy available)
[    2.071997] random: systemd: uninitialized urandom read (16 bytes read, 73 bits of entropy available)
[    2.095118] random: systemd: uninitialized urandom read (16 bytes read, 73 bits of entropy available)
[    2.100971] random: systemd: uninitialized urandom read (16 bytes read, 73 bits of entropy available)
[    2.106050] random: systemd: uninitialized urandom read (16 bytes read, 73 bits of entropy available)
[    2.150145] random: systemd: uninitialized urandom read (16 bytes read, 73 bits of entropy available)
[    2.173956] usb 1-1.2: New USB device found, idVendor=046d, idProduct=c05a
[    2.178699] usb 1-1.2: New USB device strings: Mfr=1, Product=2, SerialNumber=0
[    2.183384] usb 1-1.2: Product: USB Optical Mouse
[    2.187967] usb 1-1.2: Manufacturer: Logitech
[    2.197956] input: Logitech USB Optical Mouse as /devices/platform/soc/3f980000.usb/usb1/1-1/1-1.2/1-1.2:1.0/0003:046D:C05A.0001/input/input0
[    2.203439] hid-generic 0003:046D:C05A.0001: input,hidraw0: USB HID v1.11 Mouse [Logitech USB Optical Mouse] on usb-3f980000.usb-1.2/input0
[    2.258033] systemd[1]: Cannot add dependency job for unit regenerate_ssh_host_keys.service, ignoring: Unit regenerate_ssh_host_keys.service failed to load: No such file or directory.
[    2.271773] systemd[1]: Starting Forward Password Requests to Wall Directory Watch.
[    2.277087] systemd[1]: Started Forward Password Requests to Wall Directory Watch.
[    2.282243] systemd[1]: Starting Remote File Systems (Pre).
[    2.292867] systemd[1]: Reached target Remote File Systems (Pre).
[    2.298145] systemd[1]: Starting Arbitrary Executable File Formats File System Automount Point.
[    2.309427] systemd[1]: Set up automount Arbitrary Executable File Formats File System Automount Point.
[    2.314873] systemd[1]: Starting Encrypted Volumes.
[    2.325994] systemd[1]: Reached target Encrypted Volumes.
[    2.331281] systemd[1]: Starting Swap.
[    2.341998] systemd[1]: Reached target Swap.
[    2.347141] systemd[1]: Expecting device dev-mmcblk0p6.device...
[    2.357643] systemd[1]: Starting Root Slice.
[    2.367678] systemd[1]: Created slice Root Slice.
[    2.372367] systemd[1]: Starting User and Session Slice.
[    2.382506] systemd[1]: Created slice User and Session Slice.
[    2.387492] systemd[1]: Starting Delayed Shutdown Socket.
[    2.398163] systemd[1]: Listening on Delayed Shutdown Socket.
[    2.403475] systemd[1]: Starting /dev/initctl Compatibility Named Pipe.
[    2.414464] systemd[1]: Listening on /dev/initctl Compatibility Named Pipe.
[    2.419813] systemd[1]: Starting Journal Socket (/dev/log).
[    2.430819] systemd[1]: Listening on Journal Socket (/dev/log).
[    2.435897] systemd[1]: Starting udev Control Socket.
[    2.445870] systemd[1]: Listening on udev Control Socket.
[    2.450524] systemd[1]: Starting udev Kernel Socket.
[    2.460057] systemd[1]: Listening on udev Kernel Socket.
[    2.464637] systemd[1]: Starting Journal Socket.
[    2.474114] systemd[1]: Listening on Journal Socket.
[    2.478532] systemd[1]: Starting System Slice.
[    2.487430] systemd[1]: Created slice System Slice.
[    2.491667] systemd[1]: Starting File System Check on Root Device...
[    2.539198] systemd[1]: Starting system-systemd\x2dfsck.slice.
[    2.548909] systemd[1]: Created slice system-systemd\x2dfsck.slice.
[    2.553489] systemd[1]: Starting system-autologin.slice.
[    2.563250] systemd[1]: Created slice system-autologin.slice.
[    2.568013] systemd[1]: Starting Increase datagram queue length...
[    2.580833] systemd[1]: Starting Restore / save the current clock...
[    2.596281] systemd[1]: Starting Create list of required static device nodes for the current kernel...
[    2.609625] systemd[1]: Mounting POSIX Message Queue File System...
[    2.676040] systemd[1]: Starting Load Kernel Modules...
[    2.710854] systemd[1]: Started Set Up Additional Binary Formats.
[    2.716106] systemd[1]: Mounted Huge Pages File System.
[    2.721321] systemd[1]: Mounting Debug File System...
[    2.734262] systemd[1]: Starting udev Coldplug all Devices...
[    2.748648] systemd[1]: Starting Slices.
[    2.758784] systemd[1]: Reached target Slices.
[    2.772063] systemd[1]: Mounted Debug File System.
[    2.781721] fuse init (API version 7.23)
[    2.788368] systemd[1]: Mounted POSIX Message Queue File System.
[    2.800859] systemd[1]: Started Increase datagram queue length.
[    2.827804] systemd[1]: Started Restore / save the current clock.
[    2.837512] i2c /dev entries driver
[    2.846460] systemd[1]: Started Create list of required static device nodes for the current kernel.
[    2.858289] systemd[1]: Started Load Kernel Modules.
[    2.903634] systemd[1]: Time has been changed
[    2.941645] systemd[1]: Started udev Coldplug all Devices.
[    2.953331] systemd[1]: Started File System Check on Root Device.
[    3.071989] systemd[1]: Mounting Configuration File System...
[    3.119019] systemd[1]: Starting Apply Kernel Variables...
[    3.132261] systemd[1]: Mounting FUSE Control File System...
[    3.145617] systemd[1]: Starting Create Static Device Nodes in /dev...
[    3.159627] systemd[1]: Starting Syslog Socket.
[    3.165307] systemd[1]: Listening on Syslog Socket.
[    3.165470] systemd[1]: Starting Journal Service...
[    3.179576] systemd[1]: Started Journal Service.
[    3.349315] systemd-udevd[137]: starting version 215
[    3.711344] gpiomem-bcm2835 3f200000.gpiomem: Initialised: Registers at 0x3f200000
[    3.720186] bcm2835-wdt 3f100000.watchdog: Broadcom BCM2835 watchdog timer
[    4.060967] usbcore: registered new interface driver brcmfmac
[    4.098763] EXT4-fs (mmcblk0p7): re-mounted. Opts: (null)
[    4.246062] random: nonblocking pool is initialized
[    4.247792] brcmfmac: brcmf_c_preinit_dcmds: Firmware version = wl0: May 27 2016 00:13:38 version 7.45.41.26 (r640327) FWID 01-df77e4a7
[    4.269036] brcmfmac: brcmf_cfg80211_reg_notifier: not a ISO3166 code
[    4.401875] brcmfmac: brcmf_cfg80211_reg_notifier: not a ISO3166 code
[    4.401908] cfg80211: World regulatory domain updated:
[    4.401919] cfg80211:  DFS Master region: unset
[    4.401931] cfg80211:   (start_freq - end_freq @ bandwidth), (max_antenna_gain, max_eirp), (dfs_cac_time)
[    4.401947] cfg80211:   (2402000 KHz - 2472000 KHz @ 40000 KHz), (N/A, 2000 mBm), (N/A)
[    4.401962] cfg80211:   (2457000 KHz - 2482000 KHz @ 20000 KHz, 92000 KHz AUTO), (N/A, 2000 mBm), (N/A)
[    4.401974] cfg80211:   (2474000 KHz - 2494000 KHz @ 20000 KHz), (N/A, 2000 mBm), (N/A)
[    4.401993] cfg80211:   (5170000 KHz - 5250000 KHz @ 80000 KHz, 160000 KHz AUTO), (N/A, 2000 mBm), (N/A)
[    4.402007] cfg80211:   (5250000 KHz - 5330000 KHz @ 80000 KHz, 160000 KHz AUTO), (N/A, 2000 mBm), (0 s)
[    4.402020] cfg80211:   (5490000 KHz - 5730000 KHz @ 160000 KHz), (N/A, 2000 mBm), (0 s)
[    4.402032] cfg80211:   (5735000 KHz - 5835000 KHz @ 80000 KHz), (N/A, 2000 mBm), (N/A)
[    4.402045] cfg80211:   (57240000 KHz - 63720000 KHz @ 2160000 KHz), (N/A, 0 mBm), (N/A)
[    4.885586] systemd-journald[135]: Received request to flush runtime journal from PID 1
[    6.442642] brcmfmac: brcmf_add_if: ERROR: netdev:wlan0 already exists
[    6.442659] brcmfmac: brcmf_add_if: ignore IF event
[    6.446835] IPv6: ADDRCONF(NETDEV_UP): wlan0: link is not ready
[    6.446864] brcmfmac: power management disabled
[    6.731442] uart-pl011 3f201000.uart: no DMA platform data
[    6.825613] Adding 102396k swap on /var/swap.  Priority:-1 extents:1 across:102396k SSFS
[    7.319927] smsc95xx 1-1.1:1.0 eth0: hardware isn't capable of remote wakeup
[    7.320303] IPv6: ADDRCONF(NETDEV_UP): eth0: link is not ready
[    7.677550] IPv6: ADDRCONF(NETDEV_CHANGE): wlan0: link becomes ready
[   11.172149] Bluetooth: Core ver 2.21
[   11.172232] NET: Registered protocol family 31
[   11.172239] Bluetooth: HCI device and connection manager initialized
[   11.172257] Bluetooth: HCI socket layer initialized
[   11.172268] Bluetooth: L2CAP socket layer initialized
[   11.172290] Bluetooth: SCO socket layer initialized
[   11.187238] Bluetooth: HCI UART driver ver 2.3
[   11.187255] Bluetooth: HCI UART protocol H4 registered
[   11.187260] Bluetooth: HCI UART protocol Three-wire (H5) registered
[   11.187392] Bluetooth: HCI UART protocol BCM registered
[   11.469186] Bluetooth: BNEP (Ethernet Emulation) ver 1.3
[   11.469200] Bluetooth: BNEP filters: protocol multicast
[   11.469219] Bluetooth: BNEP socket layer initialized
[   13.928372] EXT4-fs (mmcblk0p5): mounted filesystem with ordered data mode. Opts: (null)
[  423.372402] usb 1-1.4: new low-speed USB device number 5 using dwc_otg
[  423.493365] usb 1-1.4: New USB device found, idVendor=04b3, idProduct=3025
[  423.493388] usb 1-1.4: New USB device strings: Mfr=1, Product=2, SerialNumber=0
[  423.493402] usb 1-1.4: Product: USB NetVista Full Width Keyboard
[  423.493414] usb 1-1.4: Manufacturer: CHICONY
[  423.507801] input: CHICONY USB NetVista Full Width Keyboard as /devices/platform/soc/3f980000.usb/usb1/1-1/1-1.4/1-1.4:1.0/0003:04B3:3025.0002/input/input1
[  423.563554] hid-generic 0003:04B3:3025.0002: input,hidraw1: USB HID v1.10 Keyboard [CHICONY USB NetVista Full Width Keyboard] on usb-3f980000.usb-1.4/input0

Calling test_any_command
stdout.channel.recv ready
output from 'ls /home/pi':
 Desktop
Documents
Downloads
Music
Pictures
Public
python_games
Templates
Videos


Process finished with exit code 0
"""


